500 eventos pendientes de notificar
  -> no_comprable: no_comprable 589770 Green Elephant 2D
  -> no_comprable: no_comprable 614970 Qbike: Cyberpunk Motorcycles
  -> no_comprable: no_comprable 625000 Knightfall
  -> no_comprable: no_comprable 830640 DayZ Tools
  -> no_comprable: no_comprable 983360 Ancestors Legacy Dedicated Server
  -> no_comprable: no_comprable 1744280 Innocent Critters
  -> no_comprable: no_comprable 1850930 Camp Wars
  -> no_comprable: no_comprable 2582560 EA SPORTS™ Madden NFL 25
  -> no_comprable: no_comprable 2643430 剑仙传奇
  -> no_comprable: no_comprable 2832900 INDIANA JONES Y EL GRAN CÍRCULO™ - LIBRO DE ILUSTRACIONES
ERROR: FCM 400: {
  "error": {
    "code": 400,
    "message": "Message is too large. The maximum is 4K (4096 bytes).",
    "status": "INVALID_ARGUMENT",
    "details": [
      {
        "@type": "type.googleapis.com/google.rpc.BadRequest"
      },
      {
        "@type": "type.googleapis.com/google.firebase.fcm.v
